// Jest Snapshot v1, https://goo.gl/fbAQLP

exports[`Test Table component render Test component with items 1`] = `
<table>
  <tbody>
    <tr>
      <th>
        Name
      </th>
      <th>
        Website
      </th>
      <th>
        Image
      </th>
    </tr>
    <TableItem
      key="1"
      salon={
        Object {
          "id": 1,
          "name": "first",
          "profile_image_urls": Object {
            "original": "http://s3-eu-west-1.amazonaws.com/staging-salony/image/profiles/files/000/000/064/original/1.jpg?1448538378",
            "thumb": "http://s3-eu-west-1.amazonaws.com/staging-salony/image/profiles/files/000/000/064/thumb/1.jpg?1448538378",
          },
          "website": "http://mohr.co",
        }
      }
    />
    <TableItem
      key="1"
      salon={
        Object {
          "id": 1,
          "name": "second",
          "profile_image_urls": Object {
            "original": "http://s3-eu-west-1.amazonaws.com/staging-salony/image/profiles/files/000/000/064/original/1.jpg?1448538378",
            "thumb": "http://s3-eu-west-1.amazonaws.com/staging-salony/image/profiles/files/000/000/064/thumb/1.jpg?1448538378",
          },
          "website": "http://mohr.co",
        }
      }
    />
  </tbody>
</table>
`;
