// Jest Snapshot v1, https://goo.gl/fbAQLP

exports[`Salons shallow and passing store directly render Salons component 1`] = `
<section>
  <InfiniteScroll
    handleScroll={[Function]}
  >
    <Table
      headers={
        Array [
          "Name",
          "Website",
          "Image",
        ]
      }
    />
  </InfiniteScroll>
</section>
`;
