// Jest Snapshot v1, https://goo.gl/fbAQLP

exports[`render App component 1`] = `
<BrowserRouter>
  <main>
    <Switch>
      <Route
        component={[Function]}
        exact={true}
        path="/"
      />
      <Route
        component={[Function]}
        path="/salon/:salonId"
      />
      <Route
        component={[Function]}
      />
    </Switch>
  </main>
</BrowserRouter>
`;
