// Jest Snapshot v1, https://goo.gl/fbAQLP

exports[`render App component 1`] = `
<BrowserRouter>
  <main
    className="container"
  >
    <section
      className="content"
    >
      <Switch>
        <Route
          component={[Function]}
          exact={true}
          path="/"
        />
        <Route
          component={[Function]}
          path="/salon/:salonId"
        />
        <Route
          component={[Function]}
        />
      </Switch>
    </section>
  </main>
</BrowserRouter>
`;
